#-----------------------------------------------------------
# Vivado v2020.2 (64-bit)
# SW Build 3064766 on Wed Nov 18 09:12:47 MST 2020
# IP Build 3064653 on Wed Nov 18 14:17:31 MST 2020
# Start of session at: Mon Aug  1 13:44:01 2022
# Process ID: 75177
# Current directory: /home/ace-intern/Desktop/CPs/CP8/challenge/lecture-week-9-hardware-security-intern/Challenge/PUF_HDL/projects/uart_puf/arty-a7-35/uart_puf_arty-a7-35.runs/synth_1
# Command line: vivado -log system_top.vds -product Vivado -mode batch -messageDb vivado.pb -notrace -source system_top.tcl
# Log file: /home/ace-intern/Desktop/CPs/CP8/challenge/lecture-week-9-hardware-security-intern/Challenge/PUF_HDL/projects/uart_puf/arty-a7-35/uart_puf_arty-a7-35.runs/synth_1/system_top.vds
# Journal file: /home/ace-intern/Desktop/CPs/CP8/challenge/lecture-week-9-hardware-security-intern/Challenge/PUF_HDL/projects/uart_puf/arty-a7-35/uart_puf_arty-a7-35.runs/synth_1/vivado.jou
#-----------------------------------------------------------
source system_top.tcl -notrace
