#-----------------------------------------------------------
# Vivado v2020.2 (64-bit)
# SW Build 3064766 on Wed Nov 18 09:12:47 MST 2020
# IP Build 3064653 on Wed Nov 18 14:17:31 MST 2020
# Start of session at: Tue Aug  2 11:41:32 2022
# Process ID: 240343
# Current directory: /home/ace-intern/Desktop/CPs/CP8/challenge/lecture-week-9-hardware-security-intern/Challenge/CP8/projects/uart_puf/nexys-a7-100t/uart_puf_nexys-a7-100t.runs/synth_1
# Command line: vivado -log system_top.vds -product Vivado -mode batch -messageDb vivado.pb -notrace -source system_top.tcl
# Log file: /home/ace-intern/Desktop/CPs/CP8/challenge/lecture-week-9-hardware-security-intern/Challenge/CP8/projects/uart_puf/nexys-a7-100t/uart_puf_nexys-a7-100t.runs/synth_1/system_top.vds
# Journal file: /home/ace-intern/Desktop/CPs/CP8/challenge/lecture-week-9-hardware-security-intern/Challenge/CP8/projects/uart_puf/nexys-a7-100t/uart_puf_nexys-a7-100t.runs/synth_1/vivado.jou
#-----------------------------------------------------------
source system_top.tcl -notrace
